---
source: crates/hermes_parser/tests/parser_test.rs
expression: "format!(\"Input:\\n{input}\\n\\nOutput:\\n{output}\\n\\nComments:{comments_json}\")"
input_file: crates/hermes_parser/tests/fixtures/comment-line.js
---
Input:
/**
 * Copyright (c) Meta Platforms, Inc. and affiliates.
 *
 * This source code is licensed under the MIT license found in the
 * LICENSE file in the root directory of this source tree.
 */

// line
function fn(){}


Output:
{
  "type": "Program",
  "body": [
    {
      "type": "FunctionDeclaration",
      "id": {
        "type": "Identifier",
        "name": "fn",
        "typeAnnotation": null,
        "loc": null,
        "range": [
          209,
          211
        ]
      },
      "params": [],
      "body": {
        "type": "BlockStatement",
        "body": [],
        "loc": null,
        "range": [
          213,
          215
        ]
      },
      "returnType": null,
      "generator": false,
      "async": false,
      "loc": null,
      "range": [
        200,
        215
      ],
      "loc": null,
      "range": [
        200,
        215
      ]
    }
  ],
  "sourceType": "script",
  "loc": null,
  "range": [
    200,
    215
  ]
}

Comments:[
  {
    "value": "*\n * Copyright (c) Meta Platforms, Inc. and affiliates.\n *\n * This source code is licensed under the MIT license found in the\n * LICENSE file in the root directory of this source tree.\n ",
    "range": [
      0,
      190
    ]
  },
  {
    "value": " line",
    "range": [
      192,
      199
    ]
  }
]
